2026-01-06T19:54:15.022Z - FirebaseError: Missing or insufficient permissions.
